../../TouchGFX/target/generated/HardwareMJPEGDecoder.hpp:62:22:virtual uint32_t HardwareMJPEGDecoder::getCurrentFrameNumber() const	0	static
../../TouchGFX/target/generated/HardwareMJPEGDecoder.hpp:75:23:virtual MJPEGDecoder::AVIErrors HardwareMJPEGDecoder::getLastError()	0	static
C:/TouchGFXProjects/games/TouchGFX/target/generated/HardwareMJPEGDecoder.cpp:274:6:virtual bool HardwareMJPEGDecoder::hasVideo()	0	static
C:/TouchGFXProjects/games/TouchGFX/target/generated/HardwareMJPEGDecoder.cpp:468:10:virtual uint32_t HardwareMJPEGDecoder::getNumberOfFrames()	0	static
C:/TouchGFXProjects/games/TouchGFX/target/generated/HardwareMJPEGDecoder.cpp:473:6:virtual void HardwareMJPEGDecoder::setRepeatVideo(bool)	0	static
C:/TouchGFXProjects/games/TouchGFX/target/generated/HardwareMJPEGDecoder.cpp:478:6:virtual void HardwareMJPEGDecoder::getVideoInfo(touchgfx::VideoInformation*)	0	static
../../TouchGFX/target/generated/HardwareMJPEGDecoder.hpp:45:7:HardwareMJPEGDecoder::~HardwareMJPEGDecoder()	0	static
C:/TouchGFXProjects/games/TouchGFX/target/generated/HardwareMJPEGDecoder.cpp:442:6:virtual bool HardwareMJPEGDecoder::decodeThumbnail(uint32_t, uint8_t*, uint16_t, uint16_t)	8	static
../../TouchGFX/target/generated/HardwareMJPEGDecoder.hpp:45:7:virtual HardwareMJPEGDecoder::~HardwareMJPEGDecoder()	8	static
C:/TouchGFXProjects/games/TouchGFX/target/generated/HardwareMJPEGDecoder.cpp:381:6:void HardwareMJPEGDecoder::decodeMJPEGFrame(const uint8_t*, uint32_t, uint8_t*, uint16_t, uint16_t, uint32_t)	48	static
C:/TouchGFXProjects/games/TouchGFX/target/generated/HardwareMJPEGDecoder.cpp:448:6:virtual void HardwareMJPEGDecoder::gotoFrame(uint32_t)	24	static
C:/TouchGFXProjects/games/TouchGFX/target/generated/HardwareMJPEGDecoder.cpp:420:6:virtual bool HardwareMJPEGDecoder::decodeFrame(const touchgfx::Rect&, uint8_t*, uint32_t)	48	static
C:/TouchGFXProjects/games/TouchGFX/target/generated/HardwareMJPEGDecoder.cpp:219:6:virtual bool HardwareMJPEGDecoder::gotoNextFrame()	32	static
C:/TouchGFXProjects/games/TouchGFX/target/generated/HardwareMJPEGDecoder.cpp:167:6:virtual bool HardwareMJPEGDecoder::decodeNextFrame(uint8_t*, uint16_t, uint16_t, uint32_t)	24	static
C:/TouchGFXProjects/games/TouchGFX/target/generated/HardwareMJPEGDecoder.cpp:85:1:HardwareMJPEGDecoder::HardwareMJPEGDecoder()	8	static
C:/TouchGFXProjects/games/TouchGFX/target/generated/HardwareMJPEGDecoder.cpp:99:5:int HardwareMJPEGDecoder::compare(uint32_t, const char*, uint32_t)	0	static
C:/TouchGFXProjects/games/TouchGFX/target/generated/HardwareMJPEGDecoder.cpp:144:16:const uint8_t* HardwareMJPEGDecoder::readData(uint32_t, uint32_t)	16	static
C:/TouchGFXProjects/games/TouchGFX/target/generated/HardwareMJPEGDecoder.cpp:279:6:void HardwareMJPEGDecoder::readVideoHeader()	48	static
C:/TouchGFXProjects/games/TouchGFX/target/generated/HardwareMJPEGDecoder.cpp:256:6:virtual void HardwareMJPEGDecoder::setVideoData(const uint8_t*, uint32_t)	4	static
C:/TouchGFXProjects/games/TouchGFX/target/generated/HardwareMJPEGDecoder.cpp:265:6:virtual void HardwareMJPEGDecoder::setVideoData(touchgfx::VideoDataReader&)	8	static
C:/TouchGFXProjects/games/TouchGFX/target/generated/HardwareMJPEGDecoder.cpp:381:6:void HardwareMJPEGDecoder::decodeMJPEGFrame(const uint8_t*, uint32_t, uint8_t*, uint16_t, uint16_t, uint32_t)	4	static
C:/TouchGFXProjects/games/TouchGFX/target/generated/HardwareMJPEGDecoder.cpp:495:14:uint32_t JPEG_Decode_DMA(JPEG_HandleTypeDef*, uint8_t*, uint32_t, uint8_t*)	32	static
C:/TouchGFXProjects/games/TouchGFX/target/generated/HardwareMJPEGDecoder.cpp:526:10:void HAL_JPEG_InfoReadyCallback(JPEG_HandleTypeDef*, JPEG_ConfTypeDef*)	0	static
C:/TouchGFXProjects/games/TouchGFX/target/generated/HardwareMJPEGDecoder.cpp:582:10:void HAL_JPEG_GetDataCallback(JPEG_HandleTypeDef*, uint32_t)	4	static
C:/TouchGFXProjects/games/TouchGFX/target/generated/HardwareMJPEGDecoder.cpp:601:10:void HAL_JPEG_DataReadyCallback(JPEG_HandleTypeDef*, uint8_t*, uint32_t)	24	static
C:/TouchGFXProjects/games/TouchGFX/target/generated/HardwareMJPEGDecoder.cpp:636:10:void HAL_JPEG_ErrorCallback(JPEG_HandleTypeDef*)	0	static,ignoring_inline_asm
C:/TouchGFXProjects/games/TouchGFX/target/generated/HardwareMJPEGDecoder.cpp:649:10:void HAL_JPEG_DecodeCpltCallback(JPEG_HandleTypeDef*)	0	static
C:/TouchGFXProjects/games/TouchGFX/target/generated/HardwareMJPEGDecoder.cpp:660:10:uint32_t JPEG_OutputHandler(JPEG_HandleTypeDef*)	16	static
C:/TouchGFXProjects/games/TouchGFX/target/generated/HardwareMJPEGDecoder.cpp:689:6:void DMA2D_CopyBuffer(JPEG_Data_BufferTypeDef&)	16	static
C:/TouchGFXProjects/games/TouchGFX/target/generated/HardwareMJPEGDecoder.cpp:735:6:void DMA2D_ExternalJobCompleted(JPEG_Data_BufferTypeDef&)	0	static
