C:/TouchGFXProjects/games/Core/Src/stm32h7xx_hal_msp.c:67:6:HAL_MspInit	16	static
C:/TouchGFXProjects/games/Core/Src/stm32h7xx_hal_msp.c:90:6:HAL_CRC_MspInit	8	static
C:/TouchGFXProjects/games/Core/Src/stm32h7xx_hal_msp.c:112:6:HAL_CRC_MspDeInit	0	static
C:/TouchGFXProjects/games/Core/Src/stm32h7xx_hal_msp.c:134:6:HAL_DMA2D_MspInit	16	static
C:/TouchGFXProjects/games/Core/Src/stm32h7xx_hal_msp.c:159:6:HAL_DMA2D_MspDeInit	0	static
C:/TouchGFXProjects/games/Core/Src/stm32h7xx_hal_msp.c:184:6:HAL_JPEG_MspInit	24	static
C:/TouchGFXProjects/games/Core/Src/stm32h7xx_hal_msp.c:268:6:HAL_JPEG_MspDeInit	8	static
C:/TouchGFXProjects/games/Core/Src/stm32h7xx_hal_msp.c:297:6:HAL_LTDC_MspInit	248	static
C:/TouchGFXProjects/games/Core/Src/stm32h7xx_hal_msp.c:409:6:HAL_LTDC_MspDeInit	8	static
C:/TouchGFXProjects/games/Core/Src/stm32h7xx_hal_msp.c:477:6:HAL_QSPI_MspInit	264	static
C:/TouchGFXProjects/games/Core/Src/stm32h7xx_hal_msp.c:570:6:HAL_QSPI_MspDeInit	8	static
C:/TouchGFXProjects/games/Core/Src/stm32h7xx_hal_msp.c:718:6:HAL_SDRAM_MspInit	240	static
C:/TouchGFXProjects/games/Core/Src/stm32h7xx_hal_msp.c:802:6:HAL_SDRAM_MspDeInit	8	static
