../../TouchGFX/gui/include/gui/screen_tictactoe_game_1_screen/screen_tictactoe_game_1Presenter.hpp:28:13:screen_tictactoe_game_1Presenter::~screen_tictactoe_game_1Presenter()	0	static
C:/TouchGFXProjects/games/TouchGFX/gui/src/screen_tictactoe_game_1_screen/screen_tictactoe_game_1Presenter.cpp:10:6:virtual void screen_tictactoe_game_1Presenter::activate()	0	static
../../TouchGFX/gui/include/gui/screen_tictactoe_game_1_screen/screen_tictactoe_game_1Presenter.hpp:28:13:virtual screen_tictactoe_game_1Presenter::~screen_tictactoe_game_1Presenter()	8	static
../../TouchGFX/gui/include/gui/screen_tictactoe_game_1_screen/screen_tictactoe_game_1Presenter.hpp:28:13:virtual void* screen_tictactoe_game_1Presenter::_ZThn4_N32screen_tictactoe_game_1PresenterD1Ev()	0	static
../../TouchGFX/gui/include/gui/screen_tictactoe_game_1_screen/screen_tictactoe_game_1Presenter.hpp:28:13:virtual void* screen_tictactoe_game_1Presenter::_ZThn4_N32screen_tictactoe_game_1PresenterD0Ev()	16	static
C:/TouchGFXProjects/games/TouchGFX/gui/src/screen_tictactoe_game_1_screen/screen_tictactoe_game_1Presenter.cpp:4:1:screen_tictactoe_game_1Presenter::screen_tictactoe_game_1Presenter(screen_tictactoe_game_1View&)	4	static
