../../Middlewares/ST/touchgfx/framework/include/touchgfx/Screen.hpp:104:18:virtual void touchgfx::Screen::afterTransition()	0	static
../../Middlewares/ST/touchgfx/framework/include/touchgfx/Screen.hpp:144:18:virtual void touchgfx::Screen::handleTickEvent()	0	static
../../Middlewares/ST/touchgfx/framework/include/touchgfx/Screen.hpp:154:18:virtual void touchgfx::Screen::handleKeyEvent(uint8_t)	0	static
../../TouchGFX/generated/gui_generated/include/gui_generated/screen_tictactoe_game_2_screen/screen_tictactoe_game_2ViewBase.hpp:26:18:virtual void screen_tictactoe_game_2ViewBase::pos1_clicked()	0	static
C:/TouchGFXProjects/games/TouchGFX/gui/src/screen_tictactoe_game_2_screen/screen_tictactoe_game_2View.cpp:13:6:virtual void screen_tictactoe_game_2View::tearDownScreen()	0	static
../../TouchGFX/gui/include/gui/screen_tictactoe_game_2_screen/screen_tictactoe_game_2View.hpp:11:13:screen_tictactoe_game_2View::~screen_tictactoe_game_2View()	8	static
../../TouchGFX/gui/include/gui/screen_tictactoe_game_2_screen/screen_tictactoe_game_2View.hpp:11:13:virtual screen_tictactoe_game_2View::~screen_tictactoe_game_2View()	8	static
C:/TouchGFXProjects/games/TouchGFX/gui/src/screen_tictactoe_game_2_screen/screen_tictactoe_game_2View.cpp:3:1:screen_tictactoe_game_2View::screen_tictactoe_game_2View()	8	static
C:/TouchGFXProjects/games/TouchGFX/gui/src/screen_tictactoe_game_2_screen/screen_tictactoe_game_2View.cpp:8:6:virtual void screen_tictactoe_game_2View::setupScreen()	0	static
