../../TouchGFX/gui/include/gui/screen_tictactoe_game_screen/screen_tictactoe_gamePresenter.hpp:28:13:screen_tictactoe_gamePresenter::~screen_tictactoe_gamePresenter()	0	static
C:/TouchGFXProjects/games/TouchGFX/gui/src/screen_tictactoe_game_screen/screen_tictactoe_gamePresenter.cpp:10:6:virtual void screen_tictactoe_gamePresenter::activate()	0	static
../../TouchGFX/gui/include/gui/screen_tictactoe_game_screen/screen_tictactoe_gamePresenter.hpp:28:13:virtual screen_tictactoe_gamePresenter::~screen_tictactoe_gamePresenter()	8	static
../../TouchGFX/gui/include/gui/screen_tictactoe_game_screen/screen_tictactoe_gamePresenter.hpp:28:13:virtual void* screen_tictactoe_gamePresenter::_ZThn4_N30screen_tictactoe_gamePresenterD1Ev()	0	static
../../TouchGFX/gui/include/gui/screen_tictactoe_game_screen/screen_tictactoe_gamePresenter.hpp:28:13:virtual void* screen_tictactoe_gamePresenter::_ZThn4_N30screen_tictactoe_gamePresenterD0Ev()	16	static
C:/TouchGFXProjects/games/TouchGFX/gui/src/screen_tictactoe_game_screen/screen_tictactoe_gamePresenter.cpp:4:1:screen_tictactoe_gamePresenter::screen_tictactoe_gamePresenter(screen_tictactoe_gameView&)	4	static
