../../Middlewares/ST/touchgfx/framework/include/touchgfx/Screen.hpp:104:18:virtual void touchgfx::Screen::afterTransition()	0	static
../../Middlewares/ST/touchgfx/framework/include/touchgfx/Screen.hpp:144:18:virtual void touchgfx::Screen::handleTickEvent()	0	static
../../Middlewares/ST/touchgfx/framework/include/touchgfx/Screen.hpp:154:18:virtual void touchgfx::Screen::handleKeyEvent(uint8_t)	0	static
../../TouchGFX/generated/gui_generated/include/gui_generated/screen_tictactoe_game_2_1_screen/screen_tictactoe_game_2_1ViewBase.hpp:26:18:virtual void screen_tictactoe_game_2_1ViewBase::pos1_clicked()	0	static
../../TouchGFX/generated/gui_generated/include/gui_generated/screen_tictactoe_game_2_1_screen/screen_tictactoe_game_2_1ViewBase.hpp:30:18:virtual void screen_tictactoe_game_2_1ViewBase::pos2_clicked()	0	static
../../TouchGFX/generated/gui_generated/include/gui_generated/screen_tictactoe_game_2_1_screen/screen_tictactoe_game_2_1ViewBase.hpp:34:18:virtual void screen_tictactoe_game_2_1ViewBase::pos3_clicked()	0	static
../../TouchGFX/generated/gui_generated/include/gui_generated/screen_tictactoe_game_2_1_screen/screen_tictactoe_game_2_1ViewBase.hpp:38:18:virtual void screen_tictactoe_game_2_1ViewBase::pos4_clicked()	0	static
../../TouchGFX/generated/gui_generated/include/gui_generated/screen_tictactoe_game_2_1_screen/screen_tictactoe_game_2_1ViewBase.hpp:42:18:virtual void screen_tictactoe_game_2_1ViewBase::pos5_clicked()	0	static
../../TouchGFX/generated/gui_generated/include/gui_generated/screen_tictactoe_game_2_1_screen/screen_tictactoe_game_2_1ViewBase.hpp:46:18:virtual void screen_tictactoe_game_2_1ViewBase::pos6_clicked()	0	static
../../TouchGFX/generated/gui_generated/include/gui_generated/screen_tictactoe_game_2_1_screen/screen_tictactoe_game_2_1ViewBase.hpp:50:18:virtual void screen_tictactoe_game_2_1ViewBase::pos7_clicked()	0	static
../../TouchGFX/generated/gui_generated/include/gui_generated/screen_tictactoe_game_2_1_screen/screen_tictactoe_game_2_1ViewBase.hpp:54:18:virtual void screen_tictactoe_game_2_1ViewBase::pos8_clicked()	0	static
../../TouchGFX/generated/gui_generated/include/gui_generated/screen_tictactoe_game_2_1_screen/screen_tictactoe_game_2_1ViewBase.hpp:58:18:virtual void screen_tictactoe_game_2_1ViewBase::pos9_clicked()	0	static
C:/TouchGFXProjects/games/TouchGFX/gui/src/screen_tictactoe_game_2_1_screen/screen_tictactoe_game_2_1View.cpp:13:6:virtual void screen_tictactoe_game_2_1View::tearDownScreen()	0	static
../../TouchGFX/gui/include/gui/screen_tictactoe_game_2_1_screen/screen_tictactoe_game_2_1View.hpp:11:13:screen_tictactoe_game_2_1View::~screen_tictactoe_game_2_1View()	8	static
../../TouchGFX/gui/include/gui/screen_tictactoe_game_2_1_screen/screen_tictactoe_game_2_1View.hpp:11:13:virtual screen_tictactoe_game_2_1View::~screen_tictactoe_game_2_1View()	8	static
C:/TouchGFXProjects/games/TouchGFX/gui/src/screen_tictactoe_game_2_1_screen/screen_tictactoe_game_2_1View.cpp:3:1:screen_tictactoe_game_2_1View::screen_tictactoe_game_2_1View()	8	static
C:/TouchGFXProjects/games/TouchGFX/gui/src/screen_tictactoe_game_2_1_screen/screen_tictactoe_game_2_1View.cpp:8:6:virtual void screen_tictactoe_game_2_1View::setupScreen()	0	static
