../../Middlewares/ST/touchgfx/framework/include/touchgfx/Screen.hpp:104:18:virtual void touchgfx::Screen::afterTransition()	0	static
../../Middlewares/ST/touchgfx/framework/include/touchgfx/Screen.hpp:144:18:virtual void touchgfx::Screen::handleTickEvent()	0	static
../../Middlewares/ST/touchgfx/framework/include/touchgfx/Screen.hpp:154:18:virtual void touchgfx::Screen::handleKeyEvent(uint8_t)	0	static
C:/TouchGFXProjects/games/TouchGFX/gui/src/screen_main_menu_screen/screen_main_menuView.cpp:14:6:virtual void screen_main_menuView::tearDownScreen()	0	static
../../TouchGFX/gui/include/gui/screen_main_menu_screen/screen_main_menuView.hpp:11:13:screen_main_menuView::~screen_main_menuView()	8	static
../../TouchGFX/gui/include/gui/screen_main_menu_screen/screen_main_menuView.hpp:11:13:virtual screen_main_menuView::~screen_main_menuView()	8	static
C:/TouchGFXProjects/games/TouchGFX/gui/src/screen_main_menu_screen/screen_main_menuView.cpp:4:1:screen_main_menuView::screen_main_menuView()	8	static
C:/TouchGFXProjects/games/TouchGFX/gui/src/screen_main_menu_screen/screen_main_menuView.cpp:9:6:virtual void screen_main_menuView::setupScreen()	0	static
