../../Middlewares/ST/touchgfx/framework/include/touchgfx/Drawable.hpp:121:18:virtual void touchgfx::Drawable::invalidateContent() const	0	static
../../Middlewares/ST/touchgfx/framework/include/touchgfx/Drawable.hpp:315:18:virtual void touchgfx::Drawable::setX(int16_t)	0	static
../../Middlewares/ST/touchgfx/framework/include/touchgfx/Drawable.hpp:327:18:virtual void touchgfx::Drawable::setY(int16_t)	0	static
../../Middlewares/ST/touchgfx/framework/include/touchgfx/Drawable.hpp:356:18:virtual void touchgfx::Drawable::setWidth(int16_t)	0	static
../../Middlewares/ST/touchgfx/framework/include/touchgfx/Drawable.hpp:368:18:virtual void touchgfx::Drawable::setHeight(int16_t)	0	static
../../Middlewares/ST/touchgfx/framework/include/touchgfx/Drawable.hpp:378:18:virtual void touchgfx::Drawable::childGeometryChanged()	0	static
../../Middlewares/ST/touchgfx/framework/include/touchgfx/Drawable.hpp:401:18:virtual void touchgfx::Drawable::handleGestureEvent(const touchgfx::GestureEvent&)	0	static
../../Middlewares/ST/touchgfx/framework/include/touchgfx/Drawable.hpp:490:18:virtual void touchgfx::Drawable::handleDragEvent(const touchgfx::DragEvent&)	0	static
../../Middlewares/ST/touchgfx/framework/include/touchgfx/Drawable.hpp:501:18:virtual void touchgfx::Drawable::handleTickEvent()	0	static
../../Middlewares/ST/touchgfx/framework/include/touchgfx/Drawable.hpp:588:18:virtual void touchgfx::Drawable::moveTo(int16_t, int16_t)	0	static
../../Middlewares/ST/touchgfx/framework/include/touchgfx/containers/Container.hpp:165:23:virtual touchgfx::Drawable* touchgfx::Container::getFirstChild()	0	static
../../Middlewares/ST/touchgfx/framework/include/touchgfx/Screen.hpp:104:18:virtual void touchgfx::Screen::afterTransition()	0	static
../../Middlewares/ST/touchgfx/framework/include/touchgfx/Screen.hpp:115:18:virtual void touchgfx::Screen::tearDownScreen()	0	static
../../Middlewares/ST/touchgfx/framework/include/touchgfx/Screen.hpp:144:18:virtual void touchgfx::Screen::handleTickEvent()	0	static
../../Middlewares/ST/touchgfx/framework/include/touchgfx/Screen.hpp:154:18:virtual void touchgfx::Screen::handleKeyEvent(uint8_t)	0	static
../../Middlewares/ST/touchgfx/framework/include/touchgfx/widgets/canvas/AbstractPainter.hpp:61:34:virtual touchgfx::HAL::RenderingMethod touchgfx::AbstractPainter::getRenderingMethod() const	0	static
../../Middlewares/ST/touchgfx/framework/include/touchgfx/widgets/canvas/AbstractPainter.hpp:78:18:virtual bool touchgfx::AbstractPainter::setup(const touchgfx::Rect&) const	0	static
../../Middlewares/ST/touchgfx/framework/include/touchgfx/widgets/canvas/AbstractPainter.hpp:90:18:virtual void touchgfx::AbstractPainter::tearDown() const	0	static
../../Middlewares/ST/touchgfx/framework/include/platform/driver/lcd/LCD16bpp.hpp:65:34:virtual touchgfx::Bitmap::BitmapFormat touchgfx::LCD16bpp::framebufferFormat() const	0	static
../../TouchGFX/generated/gui_generated/include/gui_generated/screen_tictactoe_game_screen/screen_tictactoe_gameViewBase.hpp:26:18:virtual void screen_tictactoe_gameViewBase::pos1_clicked()	0	static
../../TouchGFX/generated/gui_generated/include/gui_generated/screen_tictactoe_game_screen/screen_tictactoe_gameViewBase.hpp:30:18:virtual void screen_tictactoe_gameViewBase::pos2_clicked()	0	static
../../TouchGFX/generated/gui_generated/include/gui_generated/screen_tictactoe_game_screen/screen_tictactoe_gameViewBase.hpp:34:18:virtual void screen_tictactoe_gameViewBase::pos3_clicked()	0	static
../../TouchGFX/generated/gui_generated/include/gui_generated/screen_tictactoe_game_screen/screen_tictactoe_gameViewBase.hpp:38:18:virtual void screen_tictactoe_gameViewBase::pos4_clicked()	0	static
../../TouchGFX/generated/gui_generated/include/gui_generated/screen_tictactoe_game_screen/screen_tictactoe_gameViewBase.hpp:42:18:virtual void screen_tictactoe_gameViewBase::pos5_clicked()	0	static
../../TouchGFX/generated/gui_generated/include/gui_generated/screen_tictactoe_game_screen/screen_tictactoe_gameViewBase.hpp:46:18:virtual void screen_tictactoe_gameViewBase::pos6_clicked()	0	static
../../TouchGFX/generated/gui_generated/include/gui_generated/screen_tictactoe_game_screen/screen_tictactoe_gameViewBase.hpp:50:18:virtual void screen_tictactoe_gameViewBase::pos7_clicked()	0	static
../../TouchGFX/generated/gui_generated/include/gui_generated/screen_tictactoe_game_screen/screen_tictactoe_gameViewBase.hpp:54:18:virtual void screen_tictactoe_gameViewBase::pos8_clicked()	0	static
../../TouchGFX/generated/gui_generated/include/gui_generated/screen_tictactoe_game_screen/screen_tictactoe_gameViewBase.hpp:58:18:virtual void screen_tictactoe_gameViewBase::pos9_clicked()	0	static
C:/TouchGFXProjects/games/TouchGFX/generated/gui_generated/src/screen_tictactoe_game_screen/screen_tictactoe_gameViewBase.cpp:245:6:virtual void screen_tictactoe_gameViewBase::setupScreen()	0	static
../../Middlewares/ST/touchgfx/framework/include/touchgfx/containers/buttons/BoxWithBorderButtonStyle.hpp:123:18:void touchgfx::BoxWithBorderButtonStyle<T>::handlePressedUpdated() [with T = touchgfx::ClickButtonTrigger]	0	static
../../Middlewares/ST/touchgfx/framework/include/touchgfx/Callback.hpp:357:8:touchgfx::Callback<screen_tictactoe_gameViewBase, const touchgfx::AbstractButtonContainer&>::~Callback()	0	static
../../Middlewares/ST/touchgfx/framework/include/touchgfx/containers/buttons/BoxWithBorderButtonStyle.hpp:41:7:touchgfx::BoxWithBorderButtonStyle<touchgfx::ClickButtonTrigger>::~BoxWithBorderButtonStyle()	0	static
../../Middlewares/ST/touchgfx/framework/include/touchgfx/Callback.hpp:386:18:void touchgfx::Callback<dest_type, T1, void, void>::execute(T1) [with dest_type = screen_tictactoe_gameViewBase; T1 = const touchgfx::AbstractButtonContainer&]	4	static
../../Middlewares/ST/touchgfx/framework/include/touchgfx/Callback.hpp:396:18:bool touchgfx::Callback<dest_type, T1, void, void>::isValid() const [with dest_type = screen_tictactoe_gameViewBase; T1 = const touchgfx::AbstractButtonContainer&]	0	static
../../Middlewares/ST/touchgfx/framework/include/touchgfx/containers/buttons/BoxWithBorderButtonStyle.hpp:131:18:void touchgfx::BoxWithBorderButtonStyle<T>::handleAlphaUpdated() [with T = touchgfx::ClickButtonTrigger]	0	static
../../Middlewares/ST/touchgfx/framework/include/touchgfx/containers/buttons/BoxWithBorderButtonStyle.hpp:41:7:virtual touchgfx::BoxWithBorderButtonStyle<touchgfx::ClickButtonTrigger>::~BoxWithBorderButtonStyle()	8	static
../../Middlewares/ST/touchgfx/framework/include/touchgfx/Callback.hpp:357:8:virtual touchgfx::Callback<screen_tictactoe_gameViewBase, const touchgfx::AbstractButtonContainer&>::~Callback()	8	static
C:/TouchGFXProjects/games/TouchGFX/generated/gui_generated/src/screen_tictactoe_game_screen/screen_tictactoe_gameViewBase.cpp:240:1:screen_tictactoe_gameViewBase::~screen_tictactoe_gameViewBase()	8	static
C:/TouchGFXProjects/games/TouchGFX/generated/gui_generated/src/screen_tictactoe_game_screen/screen_tictactoe_gameViewBase.cpp:240:1:virtual screen_tictactoe_gameViewBase::~screen_tictactoe_gameViewBase()	16	static
C:/TouchGFXProjects/games/TouchGFX/generated/gui_generated/src/screen_tictactoe_game_screen/screen_tictactoe_gameViewBase.cpp:250:6:void screen_tictactoe_gameViewBase::flexButtonCallbackHandler(const touchgfx::AbstractButtonContainer&)	16	static
../../Middlewares/ST/touchgfx/framework/include/touchgfx/containers/buttons/AbstractButtonContainer.hpp:99:18:virtual void touchgfx::AbstractButtonContainer::executeAction()	16	static
../../Middlewares/ST/touchgfx/framework/include/touchgfx/containers/buttons/ClickButtonTrigger.hpp:47:18:virtual void touchgfx::ClickButtonTrigger::handleClickEvent(const touchgfx::ClickEvent&)	16	static
C:/TouchGFXProjects/games/TouchGFX/generated/gui_generated/src/screen_tictactoe_game_screen/screen_tictactoe_gameViewBase.cpp:9:1:screen_tictactoe_gameViewBase::screen_tictactoe_gameViewBase()	184	static
